
> nextjs_tailwind_shadcn_ts@0.2.0 build
> next build

   Γû▓ Next.js 15.1.11
   - Environments: .env.local

   Creating an optimized production build ...
 Γ£ô Compiled successfully
   Skipping validation of types
   Linting ...
   Collecting page data ...
   Generating static pages (0/84) ...
   Generating static pages (21/84) 
   Generating static pages (42/84) 
   Generating static pages (63/84) 
 Γ£ô Generating static pages (84/84)
   Finalizing page optimization ...
   Collecting build traces ...

Route (app)                                         Size     First Load JS
Γöî ╞Æ /                                               10 kB           188 kB
Γö£ Γùï /_not-found                                     324 B           106 kB
Γö£ Γùï /admin                                          4.11 kB         218 kB
Γö£ Γùï /admin/categories                               7.93 kB         146 kB
Γö£ Γùï /admin/customers                                10.9 kB         173 kB
Γö£ Γùï /admin/design-categories                        5.8 kB          143 kB
Γö£ Γùï /admin/designs                                  7.41 kB         223 kB
Γö£ Γùï /admin/designs/create                           4.92 kB         134 kB
Γö£ Γùï /admin/finances                                 20.7 kB         283 kB
Γö£ Γùï /admin/health                                   3.37 kB         119 kB
Γö£ Γùï /admin/inventory                                13.1 kB         166 kB
Γö£ Γùï /admin/orders                                   11.9 kB         168 kB
Γö£ Γùï /admin/products                                 5.89 kB         166 kB
Γö£ Γùï /admin/promotions                               12.1 kB         179 kB
Γö£ Γùï /admin/returns                                  5.79 kB         143 kB
Γö£ Γùï /admin/settings                                 8.69 kB         162 kB
Γö£ Γùï /admin/users                                    8.92 kB         147 kB
Γö£ ╞Æ /api                                            324 B           106 kB
Γö£ ╞Æ /api/admin/categories                           324 B           106 kB
Γö£ ╞Æ /api/admin/categories/[id]                      324 B           106 kB
Γö£ ╞Æ /api/admin/crm                                  324 B           106 kB
Γö£ ╞Æ /api/admin/design-categories                    324 B           106 kB
Γö£ ╞Æ /api/admin/design-categories/[id]               324 B           106 kB
Γö£ ╞Æ /api/admin/designs                              324 B           106 kB
Γö£ ╞Æ /api/admin/designs/[id]                         324 B           106 kB
Γö£ ╞Æ /api/admin/designs/upload                       324 B           106 kB
Γö£ ╞Æ /api/admin/env-check                            324 B           106 kB
Γö£ ╞Æ /api/admin/finances                             324 B           106 kB
Γö£ ╞Æ /api/admin/finances/accounts                    324 B           106 kB
Γö£ ╞Æ /api/admin/finances/categories                  324 B           106 kB
Γö£ ╞Æ /api/admin/finances/expenses                    324 B           106 kB
Γö£ ╞Æ /api/admin/finances/expenses/[id]               324 B           106 kB
Γö£ ╞Æ /api/admin/finances/transactions                324 B           106 kB
Γö£ ╞Æ /api/admin/fix-access                           324 B           106 kB
Γö£ ╞Æ /api/admin/fix-stock                            324 B           106 kB
Γö£ ╞Æ /api/admin/health-check                         324 B           106 kB
Γö£ ╞Æ /api/admin/inventory/advisor                    324 B           106 kB
Γö£ ╞Æ /api/admin/inventory/movements                  324 B           106 kB
Γö£ ╞Æ /api/admin/inventory/quick-update               324 B           106 kB
Γö£ ╞Æ /api/admin/inventory/returns                    324 B           106 kB
Γö£ ╞Æ /api/admin/inventory/stats                      324 B           106 kB
Γö£ ╞Æ /api/admin/migrate                              324 B           106 kB
Γö£ ╞Æ /api/admin/notion/sync                          324 B           106 kB
Γö£ ╞Æ /api/admin/orders                               324 B           106 kB
Γö£ ╞Æ /api/admin/orders/[id]                          324 B           106 kB
Γö£ ╞Æ /api/admin/orders/[id]/items/[itemId]           324 B           106 kB
Γö£ ╞Æ /api/admin/orders/[id]/items/[itemId]/exchange  324 B           106 kB
Γö£ ╞Æ /api/admin/products                             324 B           106 kB
Γö£ ╞Æ /api/admin/products/[id]                        324 B           106 kB
Γö£ ╞Æ /api/admin/products/search                      324 B           106 kB
Γö£ ╞Æ /api/admin/promotions                           324 B           106 kB
Γö£ ╞Æ /api/admin/promotions/[id]                      324 B           106 kB
Γö£ ╞Æ /api/admin/returns                              324 B           106 kB
Γö£ ╞Æ /api/admin/returns/[id]                         324 B           106 kB
Γö£ ╞Æ /api/admin/settings                             324 B           106 kB
Γö£ ╞Æ /api/admin/settings/bcv/sync                    324 B           106 kB
Γö£ ╞Æ /api/admin/stats                                324 B           106 kB
Γö£ ╞Æ /api/admin/upload                               324 B           106 kB
Γö£ ╞Æ /api/admin/users                                324 B           106 kB
Γö£ ╞Æ /api/admin/users/create                         324 B           106 kB
Γö£ ╞Æ /api/admin/variants                             324 B           106 kB
Γö£ ╞Æ /api/admin/verify/all                           324 B           106 kB
Γö£ ╞Æ /api/admin/verify/returns                       324 B           106 kB
Γö£ ╞Æ /api/admin/verify/stock                         324 B           106 kB
Γö£ ╞Æ /api/admin/verify/users                         324 B           106 kB
Γö£ ╞Æ /api/ai/context                                 324 B           106 kB
Γö£ ╞Æ /api/auth/callback                              324 B           106 kB
Γö£ ╞Æ /api/auth/delete-account                        324 B           106 kB
Γö£ ╞Æ /api/auth/profile                               324 B           106 kB
Γö£ ╞Æ /api/cart                                       324 B           106 kB
Γö£ ╞Æ /api/cart/items                                 324 B           106 kB
Γö£ ╞Æ /api/cart/items/[id]                            324 B           106 kB
Γö£ ╞Æ /api/chat                                       324 B           106 kB
Γö£ ╞Æ /api/design-categories                          324 B           106 kB
Γö£ ╞Æ /api/designs                                    324 B           106 kB
Γö£ ╞Æ /api/marketing/trigger                          324 B           106 kB
Γö£ ╞Æ /api/orders                                     324 B           106 kB
Γö£ ╞Æ /api/orders/[id]                                324 B           106 kB
Γö£ ╞Æ /api/orders/[id]/confirm-payment                324 B           106 kB
Γö£ ╞Æ /api/orders/count                               324 B           106 kB
Γö£ ╞Æ /api/products                                   324 B           106 kB
Γö£ ╞Æ /api/products/[id]                              324 B           106 kB
Γö£ ╞Æ /api/promotions/active                          324 B           106 kB
Γö£ ╞Æ /api/returns                                    324 B           106 kB
Γö£ ╞Æ /api/search                                     324 B           106 kB
Γö£ ╞Æ /api/seed                                       324 B           106 kB
Γö£ ╞Æ /api/settings                                   324 B           106 kB
Γö£ ╞Æ /auth/callback                                  324 B           106 kB
Γö£ Γùï /auth/login                                     3.4 kB          242 kB
Γö£ Γùï /auth/register                                  1.63 kB         243 kB
Γö£ Γùï /auth/reset-password                            2.26 kB         276 kB
Γö£ Γùï /legal/privacy                                  191 B           110 kB
Γö£ Γùï /legal/returns                                  191 B           110 kB
Γö£ Γùï /legal/terms                                    191 B           110 kB
Γö£ ╞Æ /offers                                         191 B           110 kB
Γö£ Γùï /orders                                         324 B           106 kB
Γö£ ╞Æ /orders/[id]                                    7.04 kB         199 kB
Γö£ ╞Æ /products/[id]                                  15.5 kB         267 kB
Γöö ╞Æ /returns/request/[orderId]                      4.17 kB         129 kB
+ First Load JS shared by all                       106 kB
  Γö£ chunks/1517-1656a852ef3316d3.js                 50.8 kB
  Γö£ chunks/4bd1b696-bc2285096c899eb2.js             53 kB
  Γöö other shared chunks (total)                     2.04 kB


╞Æ Middleware                                        80.1 kB

Γùï  (Static)   prerendered as static content
╞Æ  (Dynamic)  server-rendered on demand

